// Jest Snapshot v1, https://goo.gl/fbAQLP

exports[`Triggers should render Triggers Component 1`] = `
<div
  className="container-0-2-1"
>
  <Button
    id="generate-receipts"
    loading={false}
    onClick={[Function]}
    style={
      Object {
        "borderRadius": 5,
      }
    }
    type="primary"
  >
    Generate Receipts
  </Button>
</div>
`;
